// Vitest Snapshot v1, https://vitest.dev/guide/snapshot.html

exports[`should match snapshot 1`] = `
<DocumentFragment>
  <div
    class="text-center"
  >
    <h3
      class="text-2xl bg-slate-200 w-fit m-auto px-4 py-1 rounded border-2 border-slate-500"
    >
      10:15
    </h3>
  </div>
</DocumentFragment>
`;
