// Vitest Snapshot v1, https://vitest.dev/guide/snapshot.html

exports[`should match snapshot of loaded view 1`] = `
<DocumentFragment>
  <section
    class="text-center items-start min-h-screen w-screen p-4 bg-orange-400"
  >
    <h1>
      Tasks
    </h1>
    <div
      class="p-10 justify-center"
    >
      <div
        class="simple-border rounded w-fit bg-slate-500 h-6"
      >
        <button
          aria-expanded="false"
          aria-haspopup="menu"
          class="group relative flex items-stretch justify-center p-0.5 text-center font-medium transition-[color,background-color,border-color,text-decoration-color,fill,stroke,box-shadow] focus:z-10 focus:outline-none border border-transparent bg-cyan-700 text-white focus:ring-4 focus:ring-cyan-300 enabled:hover:bg-cyan-800 dark:bg-cyan-600 dark:focus:ring-cyan-800 dark:enabled:hover:bg-cyan-700 rounded-lg w-fit"
          data-testid="flowbite-dropdown-target"
          id=":r1:"
          type="button"
        >
          <span
            class="flex items-stretch transition-all duration-200 rounded-md px-4 py-2 text-sm"
          >
            Select Project
            <svg
              aria-hidden="true"
              class="ml-2 h-4 w-4"
              fill="none"
              height="1em"
              stroke="currentColor"
              stroke-width="2"
              viewBox="0 0 24 24"
              width="1em"
              xmlns="http://www.w3.org/2000/svg"
            >
              <path
                d="M19 9l-7 7-7-7"
                stroke-linecap="round"
                stroke-linejoin="round"
              />
            </svg>
          </span>
        </button>
      </div>
      <h2>
        Current Project: testProject 1
      </h2>
      <div
        class="w-3/4 m-auto"
      >
        <div
          class="text-start"
        >
          <button
            class="btn bg-green-400 border-solid border-2 border-black"
          >
            New Task
          </button>
        </div>
        <div
          class="w-full mx-auto mb-2 p-6 bg-white border-solid border-2 border-black rounded-lg divide-y"
        >
          <div
            class="text-center"
          >
            <h2>
              testTask 1
            </h2>
            <h4>
              Project id: 1
            </h4>
          </div>
          <a
            href="/tasks/1"
          >
            <p
              class="btn bg-blue-500 text-white"
            >
              Click for more info
            </p>
          </a>
          <div
            class="m-2"
          >
            <div
              class="w-full mx-auto mb-2 p-6 bg-white border-solid border-2 border-black rounded-lg divide-y"
            >
              <div
                class="text-center"
              >
                <h2 />
                <h4 />
              </div>
              <h2
                class="text-start"
              >
                Timer
              </h2>
              <div
                class="flex justify-between"
              >
                <div
                  class="text-center"
                >
                  <h3
                    class="text-2xl bg-slate-200 w-fit m-auto px-4 py-1 rounded border-2 border-slate-500"
                  >
                    25:00
                  </h3>
                </div>
                <div
                  id="set-timer"
                >
                  <button
                    class="btn bg-green-400"
                    id="start-btn"
                  >
                    <i
                      class="fa-solid fa-play"
                    />
                  </button>
                  <button
                    class="btn bg-red-500"
                    id="restart-btn"
                  >
                    <i
                      class="fa-solid fa-rotate-right"
                    />
                  </button>
                </div>
              </div>
            </div>
          </div>
        </div>
        <div
          class="w-full mx-auto mb-2 p-6 bg-white border-solid border-2 border-black rounded-lg divide-y"
        >
          <div
            class="text-center"
          >
            <h2>
              testTask 2
            </h2>
            <h4>
              Project id: 1
            </h4>
          </div>
          <a
            href="/tasks/2"
          >
            <p
              class="btn bg-blue-500 text-white"
            >
              Click for more info
            </p>
          </a>
          <div
            class="m-2"
          >
            <div
              class="w-full mx-auto mb-2 p-6 bg-white border-solid border-2 border-black rounded-lg divide-y"
            >
              <div
                class="text-center"
              >
                <h2 />
                <h4 />
              </div>
              <h2
                class="text-start"
              >
                Timer
              </h2>
              <div
                class="flex justify-between"
              >
                <div
                  class="text-center"
                >
                  <h3
                    class="text-2xl bg-slate-200 w-fit m-auto px-4 py-1 rounded border-2 border-slate-500"
                  >
                    25:00
                  </h3>
                </div>
                <div
                  id="set-timer"
                >
                  <button
                    class="btn bg-green-400"
                    id="start-btn"
                  >
                    <i
                      class="fa-solid fa-play"
                    />
                  </button>
                  <button
                    class="btn bg-red-500"
                    id="restart-btn"
                  >
                    <i
                      class="fa-solid fa-rotate-right"
                    />
                  </button>
                </div>
              </div>
            </div>
          </div>
        </div>
      </div>
    </div>
  </section>
</DocumentFragment>
`;

exports[`should match snapshot of loading view 1`] = `
<DocumentFragment>
  <section
    class="text-center items-start min-h-screen w-screen p-4 bg-orange-400"
  >
    <h1>
      Tasks
    </h1>
    <div
      class="p-10 justify-center"
    >
      <p>
        Loading...
      </p>
    </div>
  </section>
</DocumentFragment>
`;
