// Vitest Snapshot v1, https://vitest.dev/guide/snapshot.html

exports[`Login > should match snapshot 1`] = `
<DocumentFragment>
  <section
    class="text-center items-start min-h-screen w-screen p-4 bg-green-400"
  >
    <h1>
      Login
    </h1>
    <div
      class="p-10 justify-center"
    >
      <form
        action="#"
      >
        <div
          class="rounded-lg border border-gray-200 bg-white shadow-md dark:border-gray-700 dark:bg-gray-800 flex flex-col text-start w-1/2 m-auto"
          data-testid="flowbite-card"
        >
          <div
            class="flex h-full flex-col justify-center gap-4 p-6"
          >
            <label
              class="block text-gray-700 text-sm font-bold mb-2"
              for="username"
            >
              username
            </label>
            <input
              class="form-field1 focus:outline-none focus:shadow-outline"
              id="username"
              name="username"
              type="text"
              value=""
            />
            <label
              class="block text-gray-700 text-sm font-bold mb-2"
              for="password"
            >
              password
            </label>
            <input
              class="form-field1 focus:outline-none focus:shadow-outline"
              id="password"
              name="password"
              type="password"
              value=""
            />
          </div>
        </div>
        <button
          class="btn bg-blue-700 text-white"
          type="submit"
        >
          Submit
        </button>
      </form>
    </div>
  </section>
</DocumentFragment>
`;
