// Vitest Snapshot v1, https://vitest.dev/guide/snapshot.html

exports[`signup form > should match snapshot 1`] = `
<DocumentFragment>
  <form
    action="#"
  >
    <div
      class="rounded-lg border border-gray-200 bg-white shadow-md dark:border-gray-700 dark:bg-gray-800 flex flex-col text-start w-1/2 m-auto"
      data-testid="flowbite-card"
    >
      <div
        class="flex h-full flex-col justify-center gap-4 p-6"
      >
        <label
          class="block text-gray-700 text-sm font-bold mb-2"
          for="username"
        >
          username
        </label>
        <input
          class="form-field1 focus:outline-none focus:shadow-outline"
          id="username"
          name="username"
          type="text"
          value=""
        />
        <label
          class="block text-gray-700 text-sm font-bold mb-2"
          for="password"
        >
          password
        </label>
        <input
          class="form-field1 focus:outline-none focus:shadow-outline"
          id="password"
          name="password"
          type="password"
          value=""
        />
        <label
          class="block text-gray-700 text-sm font-bold mb-2"
          for="firstName"
        >
          firstName
        </label>
        <input
          class="form-field1 focus:outline-none focus:shadow-outline"
          id="firstName"
          name="firstName"
          type="text"
          value=""
        />
        <label
          class="block text-gray-700 text-sm font-bold mb-2"
          for="lastName"
        >
          lastName
        </label>
        <input
          class="form-field1 focus:outline-none focus:shadow-outline"
          id="lastName"
          name="lastName"
          type="text"
          value=""
        />
        <label
          class="block text-gray-700 text-sm font-bold mb-2"
          for="email"
        >
          email
        </label>
        <input
          class="form-field1 focus:outline-none focus:shadow-outline"
          id="email"
          name="email"
          type="text"
          value=""
        />
      </div>
    </div>
    <button
      class="btn bg-blue-700 text-white"
      type="submit"
    >
      Submit
    </button>
  </form>
</DocumentFragment>
`;
