// Vitest Snapshot v1, https://vitest.dev/guide/snapshot.html

exports[`should match snapshot 1`] = `
<DocumentFragment>
  <a
    href="/projects/1"
  >
    <div
      class="w-full mx-auto p-2 mb-2 border-solid border-2 border-black rounded-md bg-white"
      id="1"
    >
      <div
        class="header"
      >
        <h1
          class="text-3xl text-bold"
        >
          testProject
        </h1>
        <h3>
          Description: testNote
        </h3>
      </div>
    </div>
  </a>
</DocumentFragment>
`;
