// Vitest Snapshot v1, https://vitest.dev/guide/snapshot.html

exports[`should match snapshot 1`] = `
<DocumentFragment>
  <div
    class="w-3/4 m-auto"
  >
    <div
      class="text-start"
    >
      <button
        class="btn bg-green-400 border-solid border-2 border-black"
      >
        New Project
      </button>
    </div>
    <a
      href="/projects/1"
    >
      <div
        class="w-full mx-auto p-2 mb-2 border-solid border-2 border-black rounded-md bg-white"
        id="1"
      >
        <div
          class="header"
        >
          <h1
            class="text-3xl text-bold"
          >
            testProject 1
          </h1>
          <h3>
            Description: testNote 1
          </h3>
        </div>
      </div>
    </a>
    <a
      href="/projects/2"
    >
      <div
        class="w-full mx-auto p-2 mb-2 border-solid border-2 border-black rounded-md bg-white"
        id="2"
      >
        <div
          class="header"
        >
          <h1
            class="text-3xl text-bold"
          >
            testProject 2
          </h1>
          <h3>
            Description: testNote 2
          </h3>
        </div>
      </div>
    </a>
    <a
      href="/projects/3"
    >
      <div
        class="w-full mx-auto p-2 mb-2 border-solid border-2 border-black rounded-md bg-white"
        id="3"
      >
        <div
          class="header"
        >
          <h1
            class="text-3xl text-bold"
          >
            testProject 3
          </h1>
          <h3>
            Description: testNote 3
          </h3>
        </div>
      </div>
    </a>
  </div>
</DocumentFragment>
`;
